src/pages/Admin/AdminDashboard.tsx(14,5): error TS6133: 'Avatar' is declared but its value is never read.
src/pages/Admin/AdminDashboard.tsx(16,5): error TS6133: 'Divider' is declared but its value is never read.
src/pages/Admin/AdminDashboard.tsx(17,5): error TS6133: 'rem' is declared but its value is never read.
src/pages/Admin/AdminDashboard.tsx(26,5): error TS6133: 'IconArrowUpRight' is declared but its value is never read.
src/pages/Admin/AdminDashboard.tsx(27,5): error TS6133: 'IconArrowDownRight' is declared but its value is never read.
src/pages/Admin/AdminDashboard.tsx(28,5): error TS6133: 'IconCalendar' is declared but its value is never read.
src/pages/Admin/AdminDashboard.tsx(79,7): error TS6133: 'formatDate' is declared but its value is never read.
src/pages/Admin/AdminLayout.tsx(15,5): error TS6133: 'Divider' is declared but its value is never read.
src/pages/Admin/AdminLegalPages.tsx(5,24): error TS6133: 'Menu' is declared but its value is never read.
src/pages/Admin/AdminProducts.tsx(20,5): error TS6133: 'Progress' is declared but its value is never read.
src/pages/Checkout/CheckoutPage.tsx(50,7): error TS6133: 'brandLabels' is declared but its value is never read.
src/pages/Partner/PartnerClients.tsx(3,5): error TS6133: 'Container' is declared but its value is never read.
src/pages/Partner/PartnerClients.tsx(3,16): error TS6133: 'Title' is declared but its value is never read.
src/pages/Partner/PartnerDashboard.tsx(3,5): error TS6133: 'Container' is declared but its value is never read.
src/pages/Partner/PartnerLayout.tsx(18,14): error TS2339: Property 'catch' does not exist on type 'PromiseLike<void>'.
src/pages/Partner/PartnerWithdrawals.tsx(3,5): error TS6133: 'Container' is declared but its value is never read.
